Attempting to connect to: mongodb://localhost:27017/agri-rental-system
node : Γ¥î Error: 
connect 
ECONNREFUSED 
::1:27017, connect 
ECONNREFUSED 
127.0.0.1:27017
At line:1 char:1
+ node test-db-conn
ection.js > 
test-output.txt 
2>&1
+ ~~~~~~~~~~~~~~~~~
~~~~~~~~~~~~~~~~~~~
~~~~~~~~~~~~~
    + CategoryInfo 
             : No  
  tSpecified: (Γ   
 ¥î Error: conn    
...127.0.0.1:2    
7017:String) [    
], RemoteExcep    
tion
    + FullyQualifi 
   edErrorId : Na  
  tiveCommandErr   
 or
 
MongooseServerSelec
tionError: connect 
ECONNREFUSED 
::1:27017, connect 
ECONNREFUSED 
127.0.0.1:27017
    at _handleConne
ctionErrors (C:\Use
rs\abhij\OneDrive\D
esktop\antigravityp
roj\agri-rental-sys
tem\backend\node_mo
dules\mongoose\lib\
connection.js:1169:
11)
    at NativeConnec
tion.openUri (C:\Us
ers\abhij\OneDrive\
Desktop\antigravity
proj\agri-rental-sy
stem\backend\node_m
odules\mongoose\lib
\connection.js:1100
:11)
    at async 
connectDB (file:///
C:/Users/abhij/OneD
rive/Desktop/antigr
avityproj/agri-rent
al-system/backend/t
est-db-connection.j
s:14:22) {
  errorLabelSet: 
Set(0) {},
  reason: TopologyD
escription {
    type: 
'Unknown',
    servers: 
Map(1) { 
'localhost:27017' 
=> [ServerDescripti
on] },
    stale: false,
    compatible: 
true,
    heartbeatFreque
ncyMS: 10000,
    
localThresholdMS: 
15,
    setName: null,
    maxElectionId: 
null,
    maxSetVersion: 
null,
    
commonWireVersion: 
0,
    logicalSessionT
imeoutMinutes: null
  },
  code: undefined,
  cause: TopologyDe
scription {
    type: 
'Unknown',
    servers: 
Map(1) { 
'localhost:27017' 
=> [ServerDescripti
on] },
    stale: false,
    compatible: 
true,
    heartbeatFreque
ncyMS: 10000,
    
localThresholdMS: 
15,
    setName: null,
    maxElectionId: 
null,
    maxSetVersion: 
null,
    
commonWireVersion: 
0,
    logicalSessionT
imeoutMinutes: null
  }
}
